// Jest Snapshot v1, https://goo.gl/fbAQLP

exports[`Storyshots Components/Button Default 1`] = `
<button
  className="flex justify-center py-2 px-4 border border-transparent text-sm rounded-sm text-white bg-secondary-dark hover:bg-secondary-light focus:outline-none focus:border-seconday-light focus:shadow-outline-indigo active:bg-secondary-light transition duration-150 ease-in-out"
>
  button
</button>
`;

exports[`Storyshots Components/TextField Default 1`] = `
<input
  className="appearance-none rounded-none relative block w-full px-3 py-2 border border-gray placeholder-gray-light text-gray-dark focus:outline-none focus:shadow-outline-blue focus:border-secondary-dark sm:text-sm"
  type="text"
  value="input value"
/>
`;
